MO CB2RE_MXILINX_Project NULL Project.vf vlg20/_c_b2_r_e___m_x_i_l_i_n_x___project.bin 1655189015
MO binhex1 NULL binhex1.vf vlg6B/binhex1.bin 1655189015
MO M2_1B1_MXILINX_cb4cled_x4 NULL cb4cled_x4.vf vlg75/_m2__1_b1___m_x_i_l_i_n_x__cb4cled__x4.bin 1655189015
MO INV4_MXILINX_display7segment NULL display7segment.vf vlg30/_i_n_v4___m_x_i_l_i_n_x__display7segment.bin 1655189015
MO D2_4E_MXILINX_display7segment NULL display7segment.vf vlg29/_d2__4_e___m_x_i_l_i_n_x__display7segment.bin 1655189015
MO OR8_MXILINX_Project NULL Project.vf vlg5B/_o_r8___m_x_i_l_i_n_x___project.bin 1655189015
MO COMPM16_MXILINX_Project NULL Project.vf vlg45/_c_o_m_p_m16___m_x_i_l_i_n_x___project.bin 1655189015
MO CB4CLED_MXILINX_cb4cled_x4 NULL cb4cled_x4.vf vlg08/_c_b4_c_l_e_d___m_x_i_l_i_n_x__cb4cled__x4.bin 1655189015
MO demux4 NULL demux4.vf vlg7B/demux4.bin 1655189015
MO FTCLEX_MXILINX_cb4cled_x4 NULL cb4cled_x4.vf vlg41/_f_t_c_l_e_x___m_x_i_l_i_n_x__cb4cled__x4.bin 1655189015
MO enkoder NULL enkoder.vf vlg70/enkoder.bin 1655189015
MO M4_1E_MXILINX_display7segment NULL display7segment.vf vlg0D/_m4__1_e___m_x_i_l_i_n_x__display7segment.bin 1655189015
MO M2_1_MXILINX_cb4cled_x4 NULL cb4cled_x4.vf vlg1E/_m2__1___m_x_i_l_i_n_x__cb4cled__x4.bin 1655189015
MO FTCE_MXILINX_enkoder NULL enkoder.vf vlg0D/_f_t_c_e___m_x_i_l_i_n_x__enkoder.bin 1655189015
MO M2_1E_MXILINX_display7segment NULL display7segment.vf vlg53/_m2__1_e___m_x_i_l_i_n_x__display7segment.bin 1655189015
MO display7segment NULL display7segment.vf vlg24/display7segment.bin 1655189015
MO FTCE_MXILINX_display7segment NULL display7segment.vf vlg21/_f_t_c_e___m_x_i_l_i_n_x__display7segment.bin 1655189015
MO cb4cled_x4 NULL cb4cled_x4.vf vlg68/cb4cled__x4.bin 1655189015
MO CB16CE_MXILINX_enkoder NULL enkoder.vf vlg5F/_c_b16_c_e___m_x_i_l_i_n_x__enkoder.bin 1655189015
MO FTRSE_MXILINX_Project NULL Project.vf vlg62/_f_t_r_s_e___m_x_i_l_i_n_x___project.bin 1655189015
MO Project NULL Project.vf vlg6B/_project.bin 1655189015
MO CB16CE_MXILINX_display7segment NULL display7segment.vf vlg33/_c_b16_c_e___m_x_i_l_i_n_x__display7segment.bin 1655189015
